[www.talenti.in/index.html]
[backblue.gif]
[fade.gif]
[index.html]
[www.talenti.in/wp-content/uploads/2018/06/icon.png]
[www.talenti.in/feed/index.html]
[www.talenti.in/comments/feed/index.html]
[www.talenti.in/wp-includes/js/jquery/jquery.js]
[www.talenti.in/wp-includes/js/jquery/jquery-migrate.min.js]
[www.talenti.in/wp-content/plugins/revslider/public/assets/js/jquery.themepunch.tools.min.js]
[www.talenti.in/wp-content/plugins/revslider/public/assets/js/jquery.themepunch.revolution.min.js]
[www.talenti.in/xmlrpc0db0.php]
[www.talenti.in/wp-json/index.html]
[www.talenti.in/wp-includes/wlwmanifest.xml]
[www.talenti.in/wp-json/oembed/1.0/embedb4b3.json]
[www.talenti.in/wp-json/oembed/1.0/embed01a5]
[www.talenti.in/wp-content/uploads/2018/07/pexels-photo-934062268d.jpg]
[www.talenti.in/wp-content/uploads/2018/06/logo.jpg]
[www.talenti.in/wp-content/uploads/2018/06/Talenti.png]
[www.talenti.in/wp-content/uploads/2018/08/talentpool.png]
[www.talenti.in/company-overview/index.html]
[www.talenti.in/wp-content/themes/thefox/includes/4k-icons/icons/fonts/.eot]
[www.talenti.in/leadership-team/index.html]
[www.talenti.in/why-us-2/index.html]
[www.talenti.in/wp-content/themes/thefox/includes/4k-icons/icons/fonts/.1dd41d.delayed]
[www.talenti.in/services/index.html]
[www.talenti.in/recruitment/index.html]
[www.talenti.in/strategic/index.html]
[www.talenti.in/careers/index.html]
[www.talenti.in/gallery/index.html]
[www.talenti.in/wp-content/themes/thefox/includes/4k-icons/icons/fonts/.woff]
[www.talenti.in/contact-us/index.html]
[www.talenti.in/case-studies/index.html]
[www.talenti.in/wp-content/themes/thefox/includes/4k-icons/icons/fonts/.1f.delayed]
[www.talenti.in/wp-content/themes/thefox/includes/4k-icons/icons/fonts/.svg]
[www.talenti.in/wp-content/themes/thefox/includes/4k-icons/icons/4k-icons-pack03/icons/fonts/foa.eot]
[www.talenti.in/wp-content/themes/thefox/includes/4k-icons/icons/4k-icons-pack03/icons/fonts/foad41d.eot]
[www.talenti.in/wp-content/themes/thefox/includes/4k-icons/icons/4k-icons-pack03/icons/fonts/foa.woff]
[www.talenti.in/wp-content/themes/thefox/includes/4k-icons/icons/4k-icons-pack03/icons/fonts/foa.ttf]
[www.talenti.in/wp-content/themes/thefox/includes/4k-icons/icons/4k-icons-pack03/icons/fonts/im.eot]
[www.talenti.in/wp-content/themes/thefox/includes/4k-icons/icons/4k-icons-pack03/icons/fonts/im.woff]
[www.talenti.in/wp-content/themes/thefox/includes/4k-icons/icons/4k-icons-pack03/icons/fonts/imd41d.eot]
[www.talenti.in/wp-content/themes/thefox/includes/4k-icons/icons/4k-icons-pack03/icons/fonts/im.ttf]
[www.talenti.in/wp-content/themes/thefox/includes/4k-icons/icons/4k-icons-pack04/icons/fonts/oi.eot]
[www.talenti.in/wp-content/themes/thefox/includes/4k-icons/icons/4k-icons-pack04/icons/fonts/oi.woff]
[www.talenti.in/wp-content/themes/thefox/includes/4k-icons/icons/4k-icons-pack04/icons/fonts/oi.ttf]
[www.talenti.in/wp-content/themes/thefox/includes/4k-icons/icons/4k-icons-pack04/icons/fonts/oid41d.eot]
[www.talenti.in/wp-content/themes/thefox/includes/4k-icons/icons/4k-icons-pack02/icons/fonts/fa.eot]
[www.talenti.in/wp-content/themes/thefox/includes/4k-icons/icons/4k-icons-pack02/icons/fonts/fa.woff]
[www.talenti.in/wp-content/themes/thefox/includes/4k-icons/icons/4k-icons-pack02/icons/fonts/fad41d.eot]
[www.talenti.in/wp-content/themes/thefox/includes/4k-icons/icons/4k-icons-pack02/icons/fonts/fa.ttf]
[www.talenti.in/wp-content/uploads/2018/08/8530-design-of-high-definition-d-e1533215541154.jpg]
[www.talenti.in/wp-content/themes/thefox/includes/4k-icons/icons/4k-icons-pack03/icons/fonts/imf.eot]
[www.talenti.in/wp-content/themes/thefox/includes/4k-icons/icons/4k-icons-pack03/icons/fonts/imf.woff]
[www.talenti.in/wp-content/themes/thefox/includes/4k-icons/icons/4k-icons-pack03/icons/fonts/imf.ttf]
[www.talenti.in/wp-content/themes/thefox/includes/4k-icons/icons/4k-icons-pack03/icons/fonts/imfd41d.eot]
[www.talenti.in/wp-content/themes/thefox/includes/4k-icons/icons/4k-icons-pack05/icons/fonts/wb.eot]
[www.talenti.in/wp-content/themes/thefox/includes/4k-icons/icons/4k-icons-pack05/icons/fonts/wb.woff]
[www.talenti.in/wp-content/themes/thefox/includes/4k-icons/icons/4k-icons-pack05/icons/fonts/wbd41d.eot]
[www.talenti.in/wp-content/themes/thefox/includes/4k-icons/icons/4k-icons-pack05/icons/fonts/wb.ttf]
[www.talenti.in/wp-content/themes/thefox/includes/4k-icons/icons/4k-icons-pack02/icons/fonts/elu.eot]
[www.talenti.in/wp-content/themes/thefox/includes/4k-icons/icons/4k-icons-pack02/icons/fonts/elud41d.eot]
[www.talenti.in/wp-content/themes/thefox/includes/4k-icons/icons/4k-icons-pack02/icons/fonts/elu.woff]
[www.talenti.in/wp-content/themes/thefox/includes/4k-icons/icons/4k-icons-pack02/icons/fonts/elu.ttf]
[www.talenti.in/wp-content/themes/thefox/includes/4k-icons/icons/4k-icons-pack01/icons/fonts/business.eot]
[www.talenti.in/wp-content/themes/thefox/includes/4k-icons/icons/4k-icons-pack01/icons/fonts/business.woff]
[www.talenti.in/wp-content/themes/thefox/includes/4k-icons/icons/4k-icons-pack01/icons/fonts/business.ttf]
[www.talenti.in/wp-content/themes/thefox/includes/4k-icons/icons/4k-icons-pack01/icons/fonts/businessd41d.eot]
[www.talenti.in/wp-content/uploads/2018/07/24.jpg]
[www.talenti.in/wp-content/uploads/2018/07/23.jpg]
[www.talenti.in/wp-content/uploads/2018/07/22.jpg]
[www.talenti.in/wp-content/uploads/2018/07/21.jpg]
[www.talenti.in/wp-content/uploads/2018/07/20.jpg]
[www.talenti.in/wp-content/uploads/2018/07/19.jpg]
[www.talenti.in/wp-content/uploads/2018/07/18.jpg]
[www.talenti.in/wp-content/uploads/2018/07/17.jpg]
[www.talenti.in/wp-content/uploads/2018/07/16.jpg]
[www.talenti.in/wp-content/uploads/2018/06/4.jpg]
[www.talenti.in/wp-content/uploads/2018/06/8.jpg]
[www.talenti.in/wp-content/uploads/2018/06/3.jpg]
[www.talenti.in/wp-content/uploads/2018/06/10.jpg]
[www.talenti.in/wp-content/uploads/2018/06/11.jpg]
[www.talenti.in/wp-content/uploads/2018/06/12.jpg]
[www.talenti.in/wp-content/uploads/2018/06/Talenti-300x99.png]
[www.talenti.in/wp-content/themes/thefox/js/scrollmagic.js]
[www.talenti.in/wp-content/themes/thefox/js/customjs.js]
[www.talenti.in/wp-content/themes/thefox/js/custom_woo_js.js]
[www.talenti.in/wp-content/themes/thefox/js/smoothscroll.js]
[www.talenti.in/wp-content/plugins/contact-form-7/includes/js/scripts.js]
[www.talenti.in/wp-includes/js/wp-embed.min.js]
[www.talenti.in/wp-content/plugins/js_composer/assets/js/dist/js_composer_front.min.js]
[www.talenti.in/wp-content/themes/thefox/includes/4k-icons/js/script-ck.js]
[www.google.com/recaptcha/apiae20.js]
[www.talenti.in/index.html]
[www.talenti.in/wp-includes/css/dist/block-library/style.min.css]
[www.talenti.in/wp-content/plugins/contact-form-7/images/ajax-loader.gif]
[www.talenti.in/wp-content/plugins/contact-form-7/includes/css/styles.css]
[www.talenti.in/wp-content/plugins/revslider/public/assets/fonts/revicons/revicons90c6.eot]
[www.talenti.in/wp-content/plugins/revslider/public/assets/fonts/revicons/revicons90c6.woff]
[www.talenti.in/wp-content/plugins/revslider/public/assets/fonts/revicons/revicons90c6.ttf]
[www.talenti.in/wp-content/plugins/revslider/public/assets/assets/gridtile.png]
[www.talenti.in/wp-content/plugins/revslider/public/assets/assets/gridtile_white.png]
[www.talenti.in/wp-content/plugins/revslider/public/assets/assets/gridtile_3x3.png]
[www.talenti.in/wp-content/plugins/revslider/public/assets/assets/gridtile_3x3_white.png]
[www.talenti.in/wp-content/plugins/revslider/public/assets/assets/coloredbg.png]
[www.talenti.in/wp-content/plugins/revslider/public/assets/assets/loader.gif]
[www.talenti.in/wp-content/plugins/revslider/public/assets/css/settings.css]
[www.talenti.in/wp-content/themes/thefox/images/preloader.gif]
[www.talenti.in/wp-content/themes/thefox/images/share_icons/facebook.png]
[www.talenti.in/wp-content/themes/thefox/images/share_icons/twitter.png]
[www.talenti.in/wp-content/themes/thefox/images/share_icons/linkedin.png]
[www.talenti.in/wp-content/themes/thefox/images/share_icons/reddit.png]
[www.talenti.in/wp-content/themes/thefox/images/share_icons/tumblr.png]
[www.talenti.in/wp-content/themes/thefox/images/share_icons/g+.png]
[www.talenti.in/wp-content/themes/thefox/images/share_icons/mail.png]
[www.talenti.in/wp-content/themes/thefox/style.css]
[www.talenti.in/wp-content/themes/thefox/images/pt_1.png]
[www.talenti.in/wp-content/themes/thefox/images/pt_2.png]
[www.talenti.in/wp-content/themes/thefox/images/pt_3.png]
[www.talenti.in/wp-content/themes/thefox/images/pt_4.png]
[www.talenti.in/wp-content/themes/thefox/images/pt_5.png]
[www.talenti.in/wp-content/themes/thefox/images/lt_border.png]
[www.talenti.in/wp-content/themes/thefox/images/ib_sc.png]
[www.talenti.in/wp-content/themes/thefox/owl.video.play.png]
[www.talenti.in/wp-content/themes/thefox/style_end.css]
[www.talenti.in/wp-content/themes/thefox/media-queries_wide.css]
[www.talenti.in/wp-content/themes/thefox/css/rgs.css]
[www.talenti.in/wp-content/themes/thefox/css/animations.css]
[www.talenti.in/wp-content/themes/thefox/includes/Flexslider/theme/loader.gif]
[www.talenti.in/wp-content/themes/thefox/includes/Flexslider/theme/bg_control_nav.png]
[www.talenti.in/wp-content/themes/thefox/includes/Flexslider/flexslider.css]
[www.talenti.in/wp-content/themes/thefox/includes/font/fontawesome-webfont862f.eot]
[www.talenti.in/wp-content/themes/thefox/includes/font/fontawesome-webfontd41d.eot]
[www.talenti.in/wp-content/themes/thefox/includes/font/fontawesome-webfont862f.woff]
[www.talenti.in/wp-content/themes/thefox/includes/font/fontawesome-webfont862f.ttf]
[www.talenti.in/wp-content/themes/thefox/css/font-awesome.css]
[www.talenti.in/wp-content/themes/thefox/includes/font/moon.eot]
[www.talenti.in/wp-content/themes/thefox/includes/font/moon.woff]
[www.talenti.in/wp-content/themes/thefox/includes/font/moond41d.eot]
[www.talenti.in/wp-content/themes/thefox/includes/font/moon.ttf]
[www.talenti.in/wp-content/themes/thefox/css/moon.css]
[www.talenti.in/wp-content/themes/thefox/includes/font/ElegantIcons.eot]
[www.talenti.in/wp-content/themes/thefox/includes/font/ElegantIcons.woff]
[www.talenti.in/wp-content/themes/thefox/includes/font/ElegantIconsd41d.eot]
[www.talenti.in/wp-content/themes/thefox/includes/font/ElegantIcons.ttf]
[www.talenti.in/wp-content/themes/thefox/css/elegant.css]
[www.talenti.in/wp-content/themes/thefox/includes/prettyPhoto/images/prettyPhoto/default/sprite_next.png]
[www.talenti.in/wp-content/themes/thefox/includes/prettyPhoto/images/prettyPhoto/default/sprite_prev.png]
[www.talenti.in/wp-content/themes/thefox/includes/prettyPhoto/images/prettyPhoto/default/sprite.png]
[www.talenti.in/wp-content/themes/thefox/includes/prettyPhoto/images/prettyPhoto/default/default_thumb.png]
[www.talenti.in/wp-content/themes/thefox/includes/prettyPhoto/images/prettyPhoto/light_rounded/sprite.png]
[www.talenti.in/wp-content/themes/thefox/includes/prettyPhoto/images/prettyPhoto/light_rounded/btnNext.png]
[www.talenti.in/wp-content/themes/thefox/includes/prettyPhoto/images/prettyPhoto/light_rounded/btnPrevious.png]
[www.talenti.in/wp-content/themes/thefox/includes/prettyPhoto/images/prettyPhoto/dark_rounded/sprite.png]
[www.talenti.in/wp-content/themes/thefox/includes/prettyPhoto/images/prettyPhoto/dark_rounded/contentPattern.png]
[www.talenti.in/wp-content/themes/thefox/includes/prettyPhoto/images/prettyPhoto/dark_rounded/btnNext.png]
[www.talenti.in/wp-content/themes/thefox/includes/prettyPhoto/images/prettyPhoto/dark_rounded/btnPrevious.png]
[www.talenti.in/wp-content/themes/thefox/includes/prettyPhoto/images/prettyPhoto/dark_square/sprite.png]
[www.talenti.in/wp-content/themes/thefox/includes/prettyPhoto/images/prettyPhoto/dark_square/btnNext.png]
[www.talenti.in/wp-content/themes/thefox/includes/prettyPhoto/images/prettyPhoto/dark_square/btnPrevious.png]
[www.talenti.in/wp-content/themes/thefox/includes/prettyPhoto/images/prettyPhoto/light_square/sprite.png]
[www.talenti.in/wp-content/themes/thefox/includes/prettyPhoto/images/prettyPhoto/light_square/btnNext.png]
[www.talenti.in/wp-content/themes/thefox/includes/prettyPhoto/images/prettyPhoto/light_square/btnPrevious.png]
[www.talenti.in/wp-content/themes/thefox/includes/prettyPhoto/images/prettyPhoto/facebook/sprite.png]
[www.talenti.in/wp-content/themes/thefox/includes/prettyPhoto/images/prettyPhoto/facebook/contentPatternTop.png]
[www.talenti.in/wp-content/themes/thefox/includes/prettyPhoto/images/prettyPhoto/facebook/contentPatternLeft.png]
[www.talenti.in/wp-content/themes/thefox/includes/prettyPhoto/images/prettyPhoto/facebook/contentPatternRight.png]
[www.talenti.in/wp-content/themes/thefox/includes/prettyPhoto/images/prettyPhoto/facebook/loader.gif]
[www.talenti.in/wp-content/themes/thefox/includes/prettyPhoto/images/prettyPhoto/facebook/btnNext.png]
[www.talenti.in/wp-content/themes/thefox/includes/prettyPhoto/images/prettyPhoto/facebook/btnPrevious.png]
[www.talenti.in/wp-content/themes/thefox/includes/prettyPhoto/images/prettyPhoto/facebook/contentPatternBottom.png]
[www.talenti.in/wp-content/themes/thefox/includes/prettyPhoto/images/prettyPhoto/facebook/default_thumbnail.gif]
[www.talenti.in/wp-content/themes/thefox/includes/prettyPhoto/css/prettyPhoto.css]
[www.talenti.in/wp-content/themes/thefox/images/toggle_open.png]
[www.talenti.in/wp-content/themes/thefox/images/toggle_close.png]
[www.talenti.in/wp-content/themes/thefox/images/icons/address-book.png]
[www.talenti.in/wp-content/themes/thefox/images/icons/alarm-clock.png]
[www.talenti.in/wp-content/themes/thefox/images/icons/anchor.png]
[www.talenti.in/wp-content/themes/thefox/images/icons/application-image.png]
[www.talenti.in/wp-content/themes/thefox/images/icons/arrow.png]
[www.talenti.in/wp-content/themes/thefox/images/icons/asterisk.png]
[www.talenti.in/wp-content/themes/thefox/images/icons/auction-hammer.png]
[www.talenti.in/wp-content/themes/thefox/images/icons/balloon.png]
[www.talenti.in/wp-content/themes/thefox/images/icons/balloon-buzz.png]
[www.talenti.in/wp-content/themes/thefox/images/icons/balloon-facebook.png]
[www.talenti.in/wp-content/themes/thefox/images/icons/balloon-twitter.png]
[www.talenti.in/wp-content/themes/thefox/images/icons/battery-full.png]
[www.talenti.in/wp-content/themes/thefox/images/icons/binocular.png]
[www.talenti.in/wp-content/themes/thefox/images/icons/blue-document-excel.png]
[www.talenti.in/wp-content/themes/thefox/images/icons/blue-document-image.png]
[www.talenti.in/wp-content/themes/thefox/images/icons/blue-document-music.png]
[www.talenti.in/wp-content/themes/thefox/images/icons/blue-document-office.png]
[www.talenti.in/wp-content/themes/thefox/images/icons/blue-document-pdf.png]
[www.talenti.in/wp-content/themes/thefox/images/icons/blue-document-powerpoint.png]
[www.talenti.in/wp-content/themes/thefox/images/icons/blue-document-word.png]
[www.talenti.in/wp-content/themes/thefox/images/icons/bookmark.png]
[www.talenti.in/wp-content/themes/thefox/images/icons/camcorder.png]
[www.talenti.in/wp-content/themes/thefox/images/icons/camera.png]
[www.talenti.in/wp-content/themes/thefox/images/icons/chart.png]
[www.talenti.in/wp-content/themes/thefox/images/icons/chart-pie.png]
[www.talenti.in/wp-content/themes/thefox/images/icons/clock.png]
[www.talenti.in/wp-content/themes/thefox/images/icons/control.png]
[www.talenti.in/wp-content/themes/thefox/images/icons/fire.png]
[www.talenti.in/wp-content/themes/thefox/images/icons/heart.png]
[www.talenti.in/wp-content/themes/thefox/images/icons/mail.png]
[www.talenti.in/wp-content/themes/thefox/images/icons/plus-shield.png]
[www.talenti.in/wp-content/themes/thefox/images/icons/video.png]
[www.talenti.in/wp-content/themes/thefox/images/twitter_bird.png]
[www.talenti.in/wp-content/themes/thefox/vc/alert.png]
[www.talenti.in/wp-content/themes/thefox/vc/info.png]
[www.talenti.in/wp-content/themes/thefox/vc/tick.png]
[www.talenti.in/wp-content/themes/thefox/vc/exclamation.png]
[www.talenti.in/wp-content/themes/thefox/images/flickr.png]
[www.talenti.in/wp-content/themes/thefox/vc/blur.svg]
[www.talenti.in/wp-content/themes/thefox/fonts/vc_grid/vc_grid_v157a1.eot]
[www.talenti.in/wp-content/themes/thefox/fonts/vc_grid/vc_grid_v1d41d.eot]
[www.talenti.in/wp-content/themes/thefox/fonts/vc_grid/vc_grid_v157a1.woff]
[www.talenti.in/wp-content/themes/thefox/fonts/vc_grid/vc_grid_v157a1.ttf]
[www.talenti.in/wp-content/themes/thefox/fonts/vc_grid/vc_grid_v157a1.svg]
[www.talenti.in/wp-content/themes/thefox/css/thefox_js_composer.css]
[www.talenti.in/wp-content/themes/thefox/includes/zilla-likes/styles/zilla-likes.css]
[www.talenti.in/wp-json/oembed/1.0/embedabee.json]
[www.talenti.in/wp-json/oembed/1.0/embed8095]
[www.talenti.in/wp-content/uploads/2018/06/red-vintage-shoes-sportde4c.jpg]
[www.talenti.in/wp-content/themes/thefox/includes/4k-icons/icons/4k-icons-pack03/icons/fonts/ion.eot]
[www.talenti.in/wp-content/themes/thefox/includes/4k-icons/icons/4k-icons-pack03/icons/fonts/ion.woff]
[www.talenti.in/wp-content/themes/thefox/includes/4k-icons/icons/4k-icons-pack03/icons/fonts/ion.ttf]
[www.talenti.in/wp-content/themes/thefox/includes/4k-icons/icons/4k-icons-pack03/icons/fonts/iond41d.eot]
[www.talenti.in/wp-content/uploads/2018/06/13.jpg]
[www.talenti.in/wp-content/uploads/2018/06/14.jpg]
[www.talenti.in/wp-content/uploads/2018/06/15.jpg]
[www.talenti.in/wp-content/uploads/2018/06/1.jpg]
[www.talenti.in/wp-content/uploads/2018/06/2.jpg]
[www.talenti.in/wp-includes/js/jquery/ui/core.min.js]
[www.talenti.in/wp-includes/js/jquery/ui/widget.min.js]
[www.talenti.in/wp-includes/js/jquery/ui/accordion.min.js]
[www.talenti.in/company-overview/index.html]
[www.talenti.in/wp-json/oembed/1.0/embed007a.json]
[www.talenti.in/wp-json/oembed/1.0/embed9d55]
[www.talenti.in/wp-content/uploads/2018/07/Screen-Shot-2018-07-13-at-13.29.14-copy-300x450.jpg]
[www.talenti.in/wp-content/uploads/2018/07/3-300x450.jpg]
[www.talenti.in/wp-content/uploads/2018/07/2-300x450.jpg]
[www.talenti.in/wp-content/uploads/2018/07/1-copy-300x450.jpg]
[www.talenti.in/leadership-team/index.html]
[www.talenti.in/wp-json/oembed/1.0/embed6434.json]
[www.talenti.in/wp-json/oembed/1.0/embeda366]
[www.talenti.in/wp-content/themes/thefox/includes/4k-icons/icons/4k-icons-pack05/icons/fonts/ws.eot]
[www.talenti.in/wp-content/themes/thefox/includes/4k-icons/icons/4k-icons-pack05/icons/fonts/ws.woff]
[www.talenti.in/wp-content/themes/thefox/includes/4k-icons/icons/4k-icons-pack05/icons/fonts/ws.ttf]
[www.talenti.in/wp-content/themes/thefox/includes/4k-icons/icons/4k-icons-pack05/icons/fonts/wsd41d.eot]
[www.talenti.in/why-us-2/index.html]
[www.talenti.in/wp-json/oembed/1.0/embed5982.json]
[www.talenti.in/wp-json/oembed/1.0/embedf5b1]
[www.talenti.in/wp-content/uploads/2018/07/1572_Golden-Gate-Bridge-in-San-Francisco-1024x682_0f2f9.jpg]
[www.talenti.in/services/index.html]
[www.talenti.in/wp-json/oembed/1.0/embedea0a.json]
[www.talenti.in/wp-json/oembed/1.0/embededd4]
[www.talenti.in/wp-content/uploads/2018/07/pexels-photo-10502977e2c.jpg]
[www.talenti.in/wp-content/uploads/2018/07/CXO.png]
[www.talenti.in/wp-content/uploads/2018/07/ER.png]
[www.talenti.in/wp-content/uploads/2018/08/626-450x450.png]
[www.talenti.in/wp-content/themes/thefox/includes/4k-icons/icons/4k-icons-pack01/icons/fonts/bk.eot]
[www.talenti.in/wp-content/themes/thefox/includes/4k-icons/icons/4k-icons-pack01/icons/fonts/bk.woff]
[www.talenti.in/wp-content/themes/thefox/includes/4k-icons/icons/4k-icons-pack01/icons/fonts/bk.ttf]
[www.talenti.in/wp-content/themes/thefox/includes/4k-icons/icons/4k-icons-pack01/icons/fonts/bkd41d.eot]
[www.talenti.in/wp-content/themes/thefox/includes/4k-icons/icons/4k-icons-pack02/icons/fonts/el.eot]
[www.talenti.in/wp-content/themes/thefox/includes/4k-icons/icons/4k-icons-pack02/icons/fonts/el.woff]
[www.talenti.in/wp-content/themes/thefox/includes/4k-icons/icons/4k-icons-pack02/icons/fonts/el.ttf]
[www.talenti.in/wp-content/themes/thefox/includes/4k-icons/icons/4k-icons-pack02/icons/fonts/eld41d.eot]
[www.talenti.in/recruitment/index.html]
[www.talenti.in/wp-json/oembed/1.0/embed8304.json]
[www.talenti.in/wp-json/oembed/1.0/embed713c]
[www.talenti.in/wp-content/uploads/2018/08/corrected-Grey-board-red-v-white-6-1200-e1533217473959b200.jpg]
[www.talenti.in/wp-content/uploads/2018/06/Screen-Shot-2018-06-25-at-23.08.54-400x550.png]
[www.talenti.in/wp-content/uploads/2018/06/pexels-photo-134525-900x900.jpg]
[www.talenti.in/wp-content/themes/thefox/includes/4k-icons/icons/4k-icons-pack01/icons/fonts/ba.eot]
[www.talenti.in/wp-content/themes/thefox/includes/4k-icons/icons/4k-icons-pack01/icons/fonts/ba.woff]
[www.talenti.in/wp-content/themes/thefox/includes/4k-icons/icons/4k-icons-pack01/icons/fonts/bad41d.eot]
[www.talenti.in/wp-content/themes/thefox/includes/4k-icons/icons/4k-icons-pack01/icons/fonts/ba.ttf]
[www.talenti.in/strategic/index.html]
[www.talenti.in/wp-json/oembed/1.0/embed4da5.json]
[www.talenti.in/wp-json/oembed/1.0/embed7be8]
[www.talenti.in/wp-content/uploads/2018/06/pexels-photo-70226475e9.jpg]
[www.talenti.in/careers/index.html]
[www.talenti.in/wp-json/oembed/1.0/embedec09.json]
[www.talenti.in/wp-json/oembed/1.0/embedb445]
[www.talenti.in/wp-content/uploads/2018/07/Screen-Shot-2018-07-13-at-12.31.48-768x384.png]
[www.talenti.in/wp-content/uploads/2018/07/Screen-Shot-2018-07-13-at-12.31.48.png]
[www.talenti.in/project/16/index.html]
[www.talenti.in/wp-content/uploads/2018/07/Screen-Shot-2018-07-13-at-12.31.57-copy-768x384.jpg]
[www.talenti.in/project/15/index.html]
[www.talenti.in/wp-content/uploads/2018/07/Screen-Shot-2018-07-13-at-12.31.57-copy.jpg]
[www.talenti.in/wp-content/uploads/2018/07/Screen-Shot-2018-07-13-at-12.31.41-copy-768x384.jpg]
[www.talenti.in/wp-content/uploads/2018/07/Screen-Shot-2018-07-13-at-12.31.41-copy.jpg]
[www.talenti.in/project/14/index.html]
[www.talenti.in/wp-content/uploads/2018/06/DSC_3937-copy-768x384.jpg]
[www.talenti.in/project/13/index.html]
[www.talenti.in/wp-content/uploads/2018/06/DSC_3937-copy.jpg]
[www.talenti.in/wp-content/uploads/2018/06/DSC_4031-copy-768x384.jpg]
[www.talenti.in/wp-content/uploads/2018/06/DSC_4031-copy.jpg]
[www.talenti.in/project/12/index.html]
[www.talenti.in/wp-content/uploads/2018/06/DSC_4043-copy-768x384.jpg]
[www.talenti.in/project/11/index.html]
[www.talenti.in/wp-content/uploads/2018/06/DSC_4043-copy.jpg]
[www.talenti.in/wp-content/uploads/2018/06/DSC_4068-copy-768x384.jpg]
[www.talenti.in/wp-content/uploads/2018/06/DSC_4068-copy.jpg]
[www.talenti.in/wp-content/uploads/2018/06/DSC_4089-copy-768x384.jpg]
[www.talenti.in/project/10/index.html]
[www.talenti.in/project/9/index.html]
[www.talenti.in/wp-content/uploads/2018/06/DSC_4089-copy.jpg]
[www.talenti.in/wp-content/uploads/2018/06/DSC_4266-copy-768x384.jpg]
[www.talenti.in/wp-content/uploads/2018/06/DSC_4266-copy.jpg]
[www.talenti.in/project/8/index.html]
[www.talenti.in/wp-content/uploads/2018/06/DSC_4296-copy-768x384.jpg]
[www.talenti.in/project/7/index.html]
[www.talenti.in/wp-content/uploads/2018/06/DSC_4296-copy.jpg]
[www.talenti.in/wp-content/uploads/2018/06/DSC_4306-copy-768x384.jpg]
[www.talenti.in/project/6/index.html]
[www.talenti.in/wp-content/uploads/2018/06/DSC_4306-copy.jpg]
[www.talenti.in/wp-content/uploads/2018/06/Team-Dinner-copy-768x384.jpg]
[www.talenti.in/project/5/index.html]
[www.talenti.in/wp-content/uploads/2018/06/Team-Dinner-copy.jpg]
[www.talenti.in/wp-content/uploads/2018/06/183-copy-768x384.jpg]
[www.talenti.in/wp-content/uploads/2018/06/183-copy.jpg]
[www.talenti.in/project/4/index.html]
[www.talenti.in/wp-content/uploads/2018/06/307-copy-768x384.jpg]
[www.talenti.in/project/3/index.html]
[www.talenti.in/wp-content/uploads/2018/06/307-copy.jpg]
[www.talenti.in/wp-content/uploads/2018/06/344-copy-768x384.jpg]
[www.talenti.in/project/2/index.html]
[www.talenti.in/wp-content/uploads/2018/06/344-copy.jpg]
[www.talenti.in/wp-content/uploads/2018/06/359-copy-768x384.jpg]
[www.talenti.in/project/1/index.html]
[www.talenti.in/wp-content/uploads/2018/06/359-copy.jpg]
[www.talenti.in/wp-content/themes/thefox/js/jquery.isotope.min.js]
[www.talenti.in/wp-content/themes/thefox/js/sorting.js]
[www.talenti.in/gallery/index.html]
[www.talenti.in/wp-json/oembed/1.0/embeda2c9.json]
[www.talenti.in/wp-json/oembed/1.0/embedb95b]
[www.talenti.in/wp-content/uploads/2018/07/cq5dam.web_.1280.12802c9e.jpg]
[www.talenti.in/wp-content/themes/thefox/includes/4k-icons/icons/4k-icons-pack01/icons/fonts/cn.eot]
[www.talenti.in/wp-content/themes/thefox/includes/4k-icons/icons/4k-icons-pack01/icons/fonts/cn.woff]
[www.talenti.in/wp-content/themes/thefox/includes/4k-icons/icons/4k-icons-pack01/icons/fonts/cnd41d.eot]
[www.talenti.in/wp-content/themes/thefox/includes/4k-icons/icons/4k-icons-pack01/icons/fonts/cn.ttf]
[www.talenti.in/case-studies/index.html]
[www.talenti.in/wp-json/oembed/1.0/embed1565.json]
[www.talenti.in/wp-json/oembed/1.0/embed2230]
[www.talenti.in/wp-content/themes/thefox/includes/4k-icons/icons/4k-icons-pack04/icons/fonts/sw.eot]
[www.talenti.in/wp-content/themes/thefox/includes/4k-icons/icons/4k-icons-pack04/icons/fonts/sw.woff]
[www.talenti.in/wp-content/themes/thefox/includes/4k-icons/icons/4k-icons-pack04/icons/fonts/sw.ttf]
[www.talenti.in/wp-content/themes/thefox/includes/4k-icons/icons/4k-icons-pack04/icons/fonts/swd41d.eot]
[www.talenti.in/wp-content/themes/thefox/includes/4k-icons/icons/4k-icons-pack05/icons/fonts/zo.eot]
[www.talenti.in/wp-content/themes/thefox/includes/4k-icons/icons/4k-icons-pack05/icons/fonts/zo.woff]
[www.talenti.in/wp-content/themes/thefox/includes/4k-icons/icons/4k-icons-pack05/icons/fonts/zo.ttf]
[www.talenti.in/wp-content/themes/thefox/includes/4k-icons/icons/4k-icons-pack05/icons/fonts/zod41d.eot]
[www.talenti.in/contact-us/index.html]
[www.talenti.in/wp-content/themes/thefox/includes/4k-icons/icons/fonts/.html]
[www.talenti.in/wp-content/themes/thefox/includes/4k-icons/icons/fonts/d41d.html]
[www.talenti.in/wp-content/themes/thefox/includes/4k-icons/icons/fonts/-2.html]
[www.talenti.in/wp-content/themes/thefox/includes/4k-icons/icons/fonts/-3.html]
[www.talenti.in/wp-content/themes/thefox/includes/4k-icons/icons/fonts/-4.html]
[www.talenti.in/wp-content/themes/thefox/includes/4k-icons/icons/4k-icons-pack03/icons/fonts/foa.svg]
[www.talenti.in/wp-content/themes/thefox/includes/4k-icons/icons/4k-icons-pack03/icons/fonts/im.svg]
[www.talenti.in/wp-content/themes/thefox/includes/4k-icons/icons/4k-icons-pack04/icons/fonts/oi.svg]
[www.talenti.in/wp-content/themes/thefox/includes/4k-icons/icons/4k-icons-pack02/icons/fonts/fa.svg]
[www.talenti.in/wp-content/themes/thefox/includes/4k-icons/icons/4k-icons-pack03/icons/fonts/imf.svg]
[www.talenti.in/wp-content/themes/thefox/includes/4k-icons/icons/4k-icons-pack05/icons/fonts/wb.svg]
[www.talenti.in/wp-content/themes/thefox/includes/4k-icons/icons/4k-icons-pack02/icons/fonts/elu.svg]
[www.talenti.in/wp-content/themes/thefox/includes/4k-icons/icons/4k-icons-pack01/icons/fonts/business.svg]
[www.talenti.in/wp-content/themes/thefox/includes/4k-icons/css/icon-styles.css]
[www.talenti.in/wp-content/plugins/revslider/public/assets/fonts/revicons/revicons90c6.svg]
[www.talenti.in/wp-content/plugins/revslider/public/assets/css/openhand.html]
[www.talenti.in/wp-content/plugins/revslider/public/assets/css/closedhand.html]
[www.talenti.in/wp-content/themes/thefox/images/share_icons/facebook.html]
[www.talenti.in/wp-content/themes/thefox/images/share_icons/twitter.html]
[www.talenti.in/wp-content/themes/thefox/images/share_icons/linkedin.html]
[www.talenti.in/wp-content/themes/thefox/images/share_icons/reddit.html]
[www.talenti.in/wp-content/themes/thefox/images/share_icons/tumblr.html]
[www.talenti.in/wp-content/themes/thefox/images/share_icons/g+.html]
[www.talenti.in/wp-content/themes/thefox/images/share_icons/mail.html]
[www.talenti.in/wp-content/themes/thefox/owl.video.play.html]
[www.talenti.in/wp-content/themes/thefox/includes/font/fontawesome-webfont862f.svg]
[www.talenti.in/wp-content/themes/thefox/includes/font/moon.svg]
[www.talenti.in/wp-content/themes/thefox/includes/font/ElegantIcons.svg]
[www.talenti.in/wp-content/themes/thefox/images/toggle_open.html]
[www.talenti.in/wp-content/themes/thefox/images/toggle_close.html]
[www.talenti.in/wp-content/themes/thefox/images/icons/address-book.html]
[www.talenti.in/wp-content/themes/thefox/images/icons/alarm-clock.html]
[www.talenti.in/wp-content/themes/thefox/images/icons/anchor.html]
[www.talenti.in/wp-content/themes/thefox/images/icons/application-image.html]
[www.talenti.in/wp-content/themes/thefox/images/icons/arrow.html]
[www.talenti.in/wp-content/themes/thefox/images/icons/asterisk.html]
[www.talenti.in/wp-content/themes/thefox/images/icons/auction-hammer.html]
[www.talenti.in/wp-content/themes/thefox/images/icons/balloon.html]
[www.talenti.in/wp-content/themes/thefox/images/icons/balloon-buzz.html]
[www.talenti.in/wp-content/themes/thefox/images/icons/balloon-facebook.html]
[www.talenti.in/wp-content/themes/thefox/images/icons/balloon-twitter.html]
[www.talenti.in/wp-content/themes/thefox/images/icons/battery-full.html]
[www.talenti.in/wp-content/themes/thefox/images/icons/binocular.html]
[www.talenti.in/wp-content/themes/thefox/images/icons/blue-document-excel.html]
[www.talenti.in/wp-content/themes/thefox/images/icons/blue-document-image.html]
[www.talenti.in/wp-content/themes/thefox/images/icons/blue-document-music.html]
[www.talenti.in/wp-content/themes/thefox/images/icons/blue-document-office.html]
[www.talenti.in/wp-content/themes/thefox/images/icons/blue-document-pdf.html]
[www.talenti.in/wp-content/themes/thefox/images/icons/blue-document-powerpoint.html]
[www.talenti.in/wp-content/themes/thefox/images/icons/blue-document-word.html]
[www.talenti.in/wp-content/themes/thefox/images/icons/bookmark.html]
[www.talenti.in/wp-content/themes/thefox/images/icons/camcorder.html]
[www.talenti.in/wp-content/themes/thefox/images/icons/camera.html]
[www.talenti.in/wp-content/themes/thefox/images/icons/chart.html]
[www.talenti.in/wp-content/themes/thefox/images/icons/chart-pie.html]
[www.talenti.in/wp-content/themes/thefox/images/icons/clock.html]
[www.talenti.in/wp-content/themes/thefox/images/icons/control.html]
[www.talenti.in/wp-content/themes/thefox/images/icons/fire.html]
[www.talenti.in/wp-content/themes/thefox/images/icons/heart.html]
[www.talenti.in/wp-content/themes/thefox/images/icons/mail.html]
[www.talenti.in/wp-content/themes/thefox/images/icons/plus-shield.html]
[www.talenti.in/wp-content/themes/thefox/images/icons/video.html]
[www.talenti.in/wp-content/themes/thefox/images/twitter_bird.html]
[www.talenti.in/wp-content/themes/thefox/vc/alert.html]
[www.talenti.in/wp-content/themes/thefox/vc/info.html]
[www.talenti.in/wp-content/themes/thefox/vc/tick.html]
[www.talenti.in/wp-content/themes/thefox/vc/exclamation.html]
[www.talenti.in/wp-content/themes/thefox/images/flickr.html]
[www.talenti.in/wp-content/themes/thefox/vc/blur.html]
[www.talenti.in/wp-content/themes/thefox/fonts/vc_grid/vc_grid_v157a1.html]
[www.talenti.in/wp-content/themes/thefox/fonts/vc_grid/vc_grid_v1d41d.html]
[www.talenti.in/wp-content/themes/thefox/fonts/vc_grid/vc_grid_v157a1-2.html]
[www.talenti.in/wp-content/themes/thefox/fonts/vc_grid/vc_grid_v157a1-3.html]
[www.talenti.in/wp-content/themes/thefox/fonts/vc_grid/vc_grid_v157a1-4.html]
[www.talenti.in/indexf7f8.html]
[www.talenti.in/wp-content/themes/thefox/includes/4k-icons/icons/4k-icons-pack03/icons/fonts/ion.svg]
[www.talenti.in/index8844.html]
[www.talenti.in/index0d0b.html]
[www.talenti.in/wp-content/themes/thefox/includes/4k-icons/icons/4k-icons-pack05/icons/fonts/ws.svg]
[www.talenti.in/index9787.html]
[www.talenti.in/indexff23.html]
[www.talenti.in/wp-content/themes/thefox/includes/4k-icons/icons/4k-icons-pack01/icons/fonts/bk.svg]
[www.talenti.in/wp-content/themes/thefox/includes/4k-icons/icons/4k-icons-pack02/icons/fonts/el.svg]
[www.talenti.in/indexa828.html]
[www.talenti.in/wp-content/themes/thefox/includes/4k-icons/icons/4k-icons-pack01/icons/fonts/ba.svg]
[www.talenti.in/indexc9c1.html]
[www.talenti.in/indexcaae.html]
[www.talenti.in/wp-content/uploads/2018/07/Screen-Shot-2018-07-13-at-12.31.48-640x400.png]
[www.talenti.in/wp-content/uploads/2018/07/Screen-Shot-2018-07-13-at-12.31.57-copy-640x400.jpg]
[www.talenti.in/wp-content/uploads/2018/07/Screen-Shot-2018-07-13-at-12.31.41-copy-640x400.jpg]
[www.talenti.in/wp-content/uploads/2018/06/DSC_3937-copy-640x400.jpg]
[www.talenti.in/wp-content/uploads/2018/06/DSC_4031-copy-640x400.jpg]
[www.talenti.in/wp-content/uploads/2018/06/DSC_4043-copy-640x400.jpg]
[www.talenti.in/author/admin/index.html]
[www.talenti.in/wp-content/uploads/2018/06/DSC_4068-copy-640x400.jpg]
[www.talenti.in/wp-content/uploads/2018/06/DSC_4089-copy-640x400.jpg]
[www.talenti.in/wp-includes/js/comment-reply.min.js]
[www.talenti.in/project/16/index.html]
[www.talenti.in/project/15/index.html]
[www.talenti.in/project/14/index.html]
[www.talenti.in/project/13/index.html]
[www.talenti.in/project/12/index.html]
[www.talenti.in/project/11/index.html]
[www.talenti.in/project/10/index.html]
[www.talenti.in/project/9/index.html]
[www.talenti.in/project/8/index.html]
[www.talenti.in/project/7/index.html]
[www.talenti.in/project/6/index.html]
[www.talenti.in/project/5/index.html]
[www.talenti.in/project/4/index.html]
[www.talenti.in/project/3/index.html]
[www.talenti.in/project/2/index.html]
[www.talenti.in/project/1/index.html]
[www.talenti.in/index5eab.html]
[www.talenti.in/wp-content/themes/thefox/includes/4k-icons/icons/4k-icons-pack01/icons/fonts/cn.svg]
[www.talenti.in/indexb5fb.html]
[www.talenti.in/wp-content/themes/thefox/includes/4k-icons/icons/4k-icons-pack04/icons/fonts/sw.svg]
[www.talenti.in/wp-content/themes/thefox/includes/4k-icons/icons/4k-icons-pack05/icons/fonts/zo.svg]
[www.talenti.in/index6087.html]
[www.talenti.in/wp-json/oembed/1.0/embed6a95.html]
[www.talenti.in/wp-json/oembed/1.0/embed4577.html]
[www.talenti.in/wp-login.html]
[www.talenti.in/author/admin/index.html]
[www.talenti.in/index8bcd.html]
[www.talenti.in/wp-json/oembed/1.0/embed6572.html]
[www.talenti.in/wp-json/oembed/1.0/embed8547.html]
[www.talenti.in/indexc725.html]
[www.talenti.in/wp-json/oembed/1.0/embed0213.html]
[www.talenti.in/wp-json/oembed/1.0/embed38bc.html]
[www.talenti.in/index0d79.html]
[www.talenti.in/wp-json/oembed/1.0/embed134a.html]
[www.talenti.in/wp-json/oembed/1.0/embed9351.html]
[www.talenti.in/index4126.html]
[www.talenti.in/wp-json/oembed/1.0/embedb984.html]
[www.talenti.in/wp-json/oembed/1.0/embedd14f.html]
[www.talenti.in/indexd379.html]
[www.talenti.in/wp-json/oembed/1.0/embed4888.html]
[www.talenti.in/wp-json/oembed/1.0/embed282a.html]
[www.talenti.in/index6ca3.html]
[www.talenti.in/wp-json/oembed/1.0/embedc443.html]
[www.talenti.in/wp-json/oembed/1.0/embedc09e.html]
[www.talenti.in/index7414.html]
[www.talenti.in/wp-json/oembed/1.0/embeda49c.html]
[www.talenti.in/wp-json/oembed/1.0/embedebe1.html]
[www.talenti.in/index0745.html]
[www.talenti.in/wp-json/oembed/1.0/embedb651.html]
[www.talenti.in/wp-json/oembed/1.0/embedf6d2.html]
[www.talenti.in/index7398.html]
[www.talenti.in/wp-json/oembed/1.0/embeda978.html]
[www.talenti.in/wp-json/oembed/1.0/embed14a7.html]
[www.talenti.in/indexde52.html]
[www.talenti.in/wp-json/oembed/1.0/embed9484.html]
[www.talenti.in/wp-json/oembed/1.0/embed14a7-2.html]
[www.talenti.in/indexb25f.html]
[www.talenti.in/wp-json/oembed/1.0/embed71e4.html]
[www.talenti.in/wp-json/oembed/1.0/embedbd7c.html]
[www.talenti.in/index4976.html]
[www.talenti.in/wp-json/oembed/1.0/embedb34e.html]
[www.talenti.in/wp-json/oembed/1.0/embedd74e.html]
[www.talenti.in/index9a9b.html]
[www.talenti.in/wp-json/oembed/1.0/embede496.html]
[www.talenti.in/wp-json/oembed/1.0/embedc521.html]
[www.talenti.in/index6a35.html]
[www.talenti.in/wp-json/oembed/1.0/embed0d3c.html]
[www.talenti.in/wp-json/oembed/1.0/embed8929.html]
[www.talenti.in/index27cd.html]
[www.talenti.in/wp-json/oembed/1.0/embed3ebe.html]
[www.talenti.in/wp-json/oembed/1.0/embed6a36.html]
[www.talenti.in/author/admin/feed/index.html]
[www.talenti.in/wp-loginc2b6.html]
[www.talenti.in/wp-login.html]
[www.talenti.in/wp-includes/fonts/dashicons.eot]
[www.talenti.in/wp-includes/css/dashicons.min.css]
[www.talenti.in/wp-includes/css/buttons.min.css]
[www.talenti.in/wp-loginc2b6.html]
